negative/no-conversion.hylo:4.7-9: error: no conversion from 'Void' to 'Void[2]'
  _ = () as {Void, Void}
      ~~
