negative/static-call.hylo:7.26-27: error: T expects 1 type argument(s)
fun f2<T :: * -> *>() -> T {}
                         ^
negative/static-call.hylo:10.3-5: error: 'f0' takes no compile-time arguments
  f0<Void>(x: ())
  ~~
negative/static-call.hylo:13.15-20: error: cannot pass value of type 'Void[1]' to parameter 'Void'
  f1<Void>(x: ((),))
              ~~~~~
negative/static-call.hylo:14.3-5: error: 'f1' takes 1 compile-time argument(s); found 2
  f1<Void, Void>(x: ())
  ~~
